 **********************************************************************
                          MRCC program system
 **********************************************************************
 
                              Written by
 Mihaly Kallay, Peter R. Nagy, David Mester, Zoltan Rolik, Gyula Samu,
   Jozsef Csontos, Jozsef Csoka, P. Bernat Szabo, Laszlo Gyevi-Nagy,
    Bence Hegely, Istvan Ladjanszki, Lorant Szegedy, Bence Ladoczki,
       Klara Petrov, Mate Farkas, Pal D. Mezei, and Adam Ganyecz
 
        Department of Physical Chemistry and Materials Science
            Budapest University of Technology and Economics
                  Budapest P.O.Box 91, H-1521 Hungary
 
                              www.mrcc.hu
 
                    Release date: February 22, 2020

 ************************ 2022-01-18 11:58:43 *************************
 Executing minp...

 Reading input from MINP...
 
 Input file:
 
calc=LB2PLYP
verbosity=3
mem=170GB
symm=off
unit=angs
scfiguess=small
scfmaxit=1000


core=1
mult=3
basis=special
bse_AVTZ

basis_sm=special
def2-SVP

dfbasis_scf=special
def2-QZVPP-RI-JK

dfbasis_cor=special
def2-QZVPP-RI

unit=angs
geom=xyz
1

O     0.00000000000    0.00000000000    0.00000000000
 
 
 Checking keyword combinations...
 
 ROHF-LNO-CC is only available via localcc=2019
 
 Fatal error in exec minp.
 Program will stop.
 
 ************************ 2022-01-18 11:58:43 *************************
                   Error at the termination of mrcc.
 **********************************************************************
